➡️  Package: https://github.com/finestructure/ArenaTest @ exact(0.0.3)
🔧 Resolving package dependencies…
📔 Libraries found: ArenaTest
✅ Created project in folder 'ArenaIntegrationTest'
Run
  open ArenaIntegrationTest/Playground.xcworkspace
to open the project in Xcode
