.product(name: "Parser", package: "Parser"),
.product(name: "Gala", package: "Gala"),
.product(name: "Alias", package: "AliasMacro")