// Playground generated via the Swift Package Index (https://swiftpackageindex.com)
// using üèü Arena (https://github.com/finestructure/arena)
// ‚ÑπÔ∏è If running the playground fails with an error "No such module"
//    go to Product -> Build to re-trigger building the SPM package.
// ‚ÑπÔ∏è Please restart Xcode if autocomplete is not working.

import A
import B
